Payroll/HCM App v1.1.41 verification
185 existing test blocks + 46 feature test groups (23 payment/account/reimbursement + 23 self-service); 1204 assertion call sites across three suites.

PASS: Login button/password strings and app version are present
PASS: Current pay is PPE4/6/26
PASS: Period is 22/5/26 - 4/6/26
PASS: Payment date is 4/6/26
PASS: Pay close is 29/5/26
PASS: Monday-Friday 7.5 hours pays 37.5 hours
PASS: Commencement date is included in pay
PASS: Leave over non-working days only deducts scheduled work days
PASS: Leave over public holiday does not deduct credits and pays Public Holiday
PASS: No zero-gross payslips are generated
PASS: Position changes create separate payslips
PASS: Backdated commencement retro includes all scheduled days
PASS: Additional earnings only pay once saved and use effective rates
PASS: Retro prior-processing cut-off prevents payments before 03/05/2026
PASS: Tax Details, Marginal Tax and STSL calculations are present
PASS: Payslip removes LSL pro-rata and Certification Report removes Super
PASS: Partial-day leave deducts only entered hours and pays the remaining day as Regular Pay
PASS: Overlapping leave bookings are prevented
PASS: Current-pay additional earnings stay on the same payslip
PASS: SG rate is 12% of ordinary time earnings and excludes overtime
PASS: Prior-pay leave creates Regular Pay Retro and leave Retro replacement rows
PASS: Prior-pay additional earnings use the original earnings type plus Retro
PASS: Payslip summary, YTD financial-year logic and Employer Super Contribution Retro are present
PASS: No Tax Details fallback tax and payslip No TFN label are present
PASS: Uploaded tax tables, tax-free-threshold Yes/No and STSL Yes affect pay calculations
PASS: Leave Without Pay shows with hours/zero earnings and full-period LWOP suppresses payslip
PASS: Zero-net prior-period leave retro replacement remains visible
PASS: Additional Earnings Amount and Overpayment Adjustment are calculated correctly
PASS: Commencement tax fields, read-only balances, tab order and DOB warning removal are present
PASS: Absence Calendar defaults to current year and can navigate up to one year ahead
PASS: Deductions, payslip deduction sections, Check for Errors, Import Preview and Recalculate Balances are present and calculated
PASS: v1.1.18 audit fixes, deduction end-dating, retro controls, certification workflow, print/navigation and termination semantics are verified.
PASS: v1.1.18 leave payout, rehire, structured address, evidence, Overpayment Adjustment, Bereavement Leave and confidential FDV Leave changes are verified.
PASS: v1.1.17 Reports, Statement of Service, Reimbursement and Annual Leave Loading changes are verified.
PASS: v1.1.18 consolidated Annual Leave payslip rows and McDonald's California Franchise Statement of Service changes are verified.
PASS: v1.1.19 terminated-employee Additional Earnings and same-payslip Annual Leave Loading behaviour are verified.
PASS: v1.1.20 cumulative retro settlement prevents +8.29/-8.29 oscillation across pay periods.
PASS: v1.1.21 Job Data reconciliation replaces deleted fixed-term expiry with resignation and stops Regular Pay at the correct boundary.
PASS: v1.1.26 payslip Annual and Personal Leave balances include current-pay leave usage and remain stable on recalculation/finalisation.
PASS: Retro Personal Leave balance repair, Leave Without Pay Retro payslip display and parental leave rules remain verified.
PASS: Parental automatic end dates cover full/half pay, unpaid limits, extension, prior usage and exhausted entitlement
PASS: Booking form events auto-fill parental dates, update half pay and preserve manually shortened dates
PASS: Union Fees are fixed-amount post-tax deductions, may be open-ended, and multiple deductions may be active concurrently.
PASS: Job Data effective dates use first-day-of-new-status boundaries for terminations and movements.
PASS: Annual and Personal Leave support a one-scheduled-workday negative limit and preserve permitted negative balances.
PASS: Payslip date-range filtering defaults to the 10 most recent payslips and can expand/narrow the range.
PASS: v1.1.35 corrected two-week roster anchor and Leave Calendar week mapping are verified.
PASS: v1.1.35 future fixed-term Job Data does not bleed backward into current casual payslip position.
PASS: v1.1.35 termination Annual Leave payout uses post-retro LWOP balances and does not reverse accrual twice.
PASS: v1.1.34 Customer Services department availability and compatibility are verified.
PASS: v1.1.33 isolated landing page, fixed tile positions, improved Home icon and access navigation are verified.
PASS: v1.1.33 Permanency Confirmed and historical Annual Leave error-check fixes are verified.
PASS: v1.1.33 two-week roster, Acting Lower Level, new termination reasons and Absent Without Leave are verified.
PASS: v1.1.32 consolidated leave ranges, denied-calendar exclusion and casual zero-schedule behavior are verified.
PASS: v1.1.39 Casual Earnings position allocation and existing active-user login/access landing rules are verified.
PASS: v1.1.31 leave-status dropdown and non-approved payslip exclusion are verified.
PASS: v1.1.31 manual LSL adjustment, non-contributory timing, LWOP settlement and STSL retro fixes are verified.
PASS: v1.1.31 public-holiday roster rule, non-taxable Overpayment Adjustment and retro movement/Personal Leave separation are verified.
PASS: v1.1.31 Casual Earnings and casual-only employment rules are verified.
PASS: v1.1.30 Annual Leave Overuse Recovery label is verified.
PASS: v1.1.30 retro amount-based Additional Earnings keep Units and Rate blank.
PASS: v1.1.30 termination/leave conflict notifications and interactive leave statuses are verified.
PASS: v1.1.30 non-approved leave is excluded from payroll processing.
PASS: v1.1.30 Position Data MSS/Payroll Management access flags are preserved.
PASS: v1.1.29 Monthly Absence Calendar termination-month visibility is verified.
PASS: v1.1.29 amount-based Additional Earnings payslip formatting and Retro PFY labelling are verified.
PASS: v1.1.29 resignation recovery of ordinary negative Annual Leave is verified.
PASS: v1.1.28 contract-expiry notification timing and extension suppression are verified.
PASS: v1.1.28 late fixed-term leave-payout recovery and genuine-Rehire safeguard are verified.
PASS: v1.1.28 Monthly Absence Calendar report structure and shared Absence Calendar key are verified.
PASS: v1.1.27 deduction Save validation, Special Responsibility Allowance and fixed-term extension workflow are verified.
PASS: v1.1.27 Annual Leave forecast approval, schedule-change grandfathering and resignation recovery are verified.
PASS: v1.1.26 7-year/65-day LSL cycles, migration, service breaks, non-contributory service and notifications are verified.
PASS: v1.1.26 termination leave payouts, new Additional Earnings types and open-ended Union Fees regression are verified.
PASS: v1.1.36 effective Department, retro Casual Earnings, Position Structure Report and Higher Duties Allowance workflows are verified.
PASS: v1.1.37 real Job Data Acting Higher Level save/migration produces Higher Duties Allowance.
PASS: v1.1.37 retro Casual Earnings are source-date driven and survive stale cycle IDs/future contracts.
PASS: v1.1.38 actual Job Data saves and migration retain HDA across acting variations.
PASS: v1.1.38 rendered acting position, mid-pay moves, returns and chained assignments are verified.
PASS: v1.1.38 missing derived substantive rate, paid/unpaid leave and frozen history compatibility are verified.
PASS: v1.1.38 same-day Job Data sequence and migration respect returns from acting.
PASS: v1.1.39 consolidated HDA and chronological payslip rendering are verified.
PASS: separate acting/regular position payslips and one casual-only payslip across positions are verified.
PASS: v1.1.39 unpaid historical casual work survives missing finalisation flags and rehire boundaries.
PASS: v1.1.39 casual retro payment, adjustment, recovery and original-payment settlement do not repeat.
PASS: v1.1.39 position allocation preserves whole-pay tax, deductions, super and no casual leave accrual.
PASS: v1.1.39 fractional casual rates/hours, same-name positions and frozen v1.1.38 settlement are verified.
PASS: current/future cycle boundaries, duplicate sequence, historical read-only and validation
PASS: stable super fund identity, unique USI, inactive/deleted assignment errors and no silent remapping
PASS: one effective super account; future changes and latest same-day sequence
PASS: missing/incomplete accounts flagged for employees in cycle and paid terminated employees
PASS: all contribution types use one frozen account; separate position disbursements equal their own net
PASS: Recovery Deduction post-tax only, preview idempotence, final cap, auto-stop and ledger exactly once
PASS: recoveries capped to available net after other obligations, including multiple debts and zero/negative net
PASS: split-position recovery allocation and finalisation repay the debt once per employee
PASS: Recovery Deduction future start, expiry and non-taxable earnings budget
PASS: pending leave strictly exceeds 72 hours, notifies once, resets between pending episodes
PASS: legacy pending age starts now unless trustworthy status history exists; denied/approved leave excluded
PASS: real Bank Details controls: dropdown, plus, default date, validation, save and leading zeros
PASS: real Settings Super controls: add, save, edit, dropdown label and readonly auto-population
PASS: real Recovery Deduction modal fields, fixed amount rules, staged saving and persisted payroll
PASS: real fund deletion, inactive/missing errors and historical row UI locking
PASS: real leave status changes restart pending timing only on a new episode
PASS: actual payslip HTML hides disbursements until finalised and places them below entitlement date
PASS: browser script order/version metadata and migration retain all account/ledger fields
PASS: payslip omits Super Account and labels employer contributions with the frozen fund name
PASS: casual-only combined payslip retains position lines, retro settlement, single recovery/account and final net
PASS: casual-to-permanent and permanent-to-casual periods keep mixed-employment position grouping
PASS: draft reimbursement increases net only and excludes PAYG/STSL taxable bases
PASS: draft reimbursement-only and retro reimbursement adjustments have zero tax
PASS: 23 feature tests completed. UI tests use an event/DOM harness; live-browser QA is not claimed.
PASS: manager position resolves only current eligible direct reports; ambiguous and missing managers are errors
PASS: ESS submission is own-only, pending, manager-only initial alert and invisible to payroll processing
PASS: restricted leave types, invalid dates/duration/evidence and manager-only AWOL are enforced
PASS: pending overlap and balance reservations do not mutate committed balances
PASS: future personal pending reservations also reduce available request capacity
PASS: manager approval and denial scopes, required comments, notifications and stale request handling
PASS: withdraw pending only, approved deletion by direct manager, archive and payroll recalculation
PASS: overdue reminder goes to manager and payroll once; each recipient can mark it read independently
PASS: manager reassignment reroutes queue/alerts and removes prior manager access
PASS: ESS finalised own payslips: exactly recent ten, date range and foreign/open exclusions
PASS: MSS earnings use only direct reports and apply rate-based and non-taxable payments correctly
PASS: MSS casual/HDA/fixed allowances save with correct source position and amount
PASS: deleting approved leave after finalisation generates retro reversal without rewriting finalised pay
PASS: pending Annual Leave reserves later requests even when a new request is earlier
PASS: suspended manager role or terminated actors cannot access team actions
PASS: archive, scoped notifications and request state survive export/import without repayment or status changes
PASS: ESS tiles, exact sidebar order, read-only tax/bank/super/job and blank timesheets render
PASS: actual ESS form submits pending request; MSS queue shows full details and approves
PASS: actual MSS tiles, direct reports, readonly details, auto-approved booking and scoped payments save
PASS: actual monthly calendar is team-scoped, MSS timesheets blank and notification refresh preserves form input
PASS: actual pending employee delete and approved manager delete obey workflow and notify
PASS: next-pay MSS earnings are permitted but do not enter current pay
PASS: actual ESS finalised payslip list excludes foreign/open rows and expands earlier dates
PASS: 23 v1.1.41 self-service test groups. UI harness is not live-browser QA; browser-local storage is not server-side authorization.

All JavaScript syntax PASS.
Actual UI rendering/event handlers exercised in a DOM harness.
Live-browser QA unavailable: Chromium not installed.
Real employee payroll export not supplied; regression fixtures verified.
Exact ZIP freshly extracted; full suites/syntax rerun; SHA-256 manifest and HTTP asset byte equality verified.
